// Jest Snapshot v1, https://goo.gl/fbAQLP

exports[`TestSwitch.Button renders correctly 1`] = `
<div>
  <button
    onClick={[Function]}
  >
    button text
  </button>
</div>
`;
